=======================
    Histogram tests    
=======================

Experimental PDF of 100x100 normal distributed random matrix:

  bin | count |     PDF |
------+-------+---------+-------------------------------------------
 -3.0 |    15 | 0.00150 | 
 -2.7 |    26 | 0.00260 | 
 -2.4 |    73 | 0.00730 | **
 -2.1 |   142 | 0.01420 | ****
 -1.8 |   220 | 0.02200 | *******
 -1.5 |   387 | 0.03870 | ************
 -1.2 |   605 | 0.06050 | ********************
 -0.9 |   779 | 0.07790 | *************************
 -0.6 |   966 | 0.09660 | *******************************
 -0.3 |  1164 | 0.11640 | **************************************
  0.0 |  1210 | 0.12100 | ****************************************
  0.3 |  1097 | 0.10970 | ************************************
  0.6 |  1033 | 0.10330 | **********************************
  0.9 |   777 | 0.07770 | *************************
  1.2 |   576 | 0.05760 | *******************
  1.5 |   416 | 0.04160 | *************
  1.8 |   243 | 0.02430 | ********
  2.1 |   155 | 0.01550 | *****
  2.4 |    55 | 0.00550 | *
  2.7 |    35 | 0.00350 | *
  3.0 |    26 | 0.00260 | 
------+-------+---------+-------------------------------------------
Histogram trials counter  : 10000
Sum of the histogram bins : 10000
Sum of PDF values         : 1.00000
--------------------------------------------------------------------

Experimental PDF of 50000 normal distributed random variables:

  bin | count |     PDF |
------+-------+---------+-------------------------------------------
 -3.0 |   123 | 0.00246 | 
 -2.7 |   178 | 0.00356 | *
 -2.4 |   310 | 0.00620 | **
 -2.1 |   700 | 0.01400 | ****
 -1.8 |  1227 | 0.02454 | ********
 -1.5 |  1959 | 0.03918 | *************
 -1.2 |  2895 | 0.05790 | *******************
 -0.9 |  3955 | 0.07910 | **************************
 -0.6 |  5097 | 0.10194 | **********************************
 -0.3 |  5714 | 0.11428 | **************************************
  0.0 |  5905 | 0.11810 | ****************************************
  0.3 |  5823 | 0.11646 | ***************************************
  0.6 |  4950 | 0.09900 | *********************************
  0.9 |  4011 | 0.08022 | ***************************
  1.2 |  2867 | 0.05734 | *******************
  1.5 |  1849 | 0.03698 | ************
  1.8 |  1174 | 0.02348 | *******
  2.1 |   631 | 0.01262 | ****
  2.4 |   360 | 0.00720 | **
  2.7 |   153 | 0.00306 | *
  3.0 |   119 | 0.00238 | 
------+-------+---------+-------------------------------------------
Histogram trials counter  : 50000
Sum of the histogram bins : 50000
Sum of PDF values         : 1.00000
--------------------------------------------------------------------

Experimental CDF (CDF(x) = Pr(a < x), a - random variable) 
of the same vector:

CDF(-2.85) = 0.0025
CDF(-2.55) = 0.0060
CDF(-2.25) = 0.0122
CDF(-1.95) = 0.0262
CDF(-1.65) = 0.0508
CDF(-1.35) = 0.0899
CDF(-1.05) = 0.1478
CDF(-0.75) = 0.2269
CDF(-0.45) = 0.3289
CDF(-0.15) = 0.4432
CDF( 0.15) = 0.5613
CDF( 0.45) = 0.6777
CDF( 0.75) = 0.7767
CDF( 1.05) = 0.8569
CDF( 1.35) = 0.9143
CDF( 1.65) = 0.9513
CDF( 1.95) = 0.9747
CDF( 2.25) = 0.9874
CDF( 2.55) = 0.9946
CDF( 2.85) = 0.9976
CDF( 3.15) = 1.0000
