girth=6
--- LDPC codec ----------------------------------
Nvar : 200
Ncheck : 100
Rate : 0.5
Column degrees (node perspective): [0 0 0 200]
Row degrees (node perspective): [0 0 0 0 0 0 100]
-------------------------------------------------
Decoder parameters:
 - method : BP
 - max. iterations : 50
 - syndrom check at each iteration : 1
 - syndrom check at start : 0
-------------------------------------------------
---------- LLR calculation unit -----------------
LLR_calc_unit table properties:
The granularity in the LLR representation is 0.000244141
The LLR scale factor is 4096
The largest LLR that can be represented is 32768
The table resolution is 0.03125
The number of entries in the table is 300
The tables truncates at the LLR value 9.375
-------------------------------------------------


[22945 12690 44985 25439 35377 15913 39046 19521 26211 19129 -1210 23991 10736 22375 13159 29701 44735 24807 2211 2798 35843 25583 11839 24698 36828]
