            Source              sim mean               sim var
============================================================================
           Uniform              0.499942              0.083291
       Exponential              1.000018              1.000429
            Normal              0.000476              0.998613
           Weibull              1.001183              1.009385
          Rayleigh              1.253565              0.433763
         I_Uniform              5.499180              2.917529
        AR1_Normal              1.995614              0.993952
    Complex_Normal             -0.002217+0.004451i              1.000292
              Sine              0.000000              0.500005
            Square              0.000020              1.000010
          Triangle              0.000000              0.333337
          Sawtooth              0.000200              0.333337
           Impulse              0.000190              0.000190
           Pattern              2.000000              1.000010
