              Source      sim mean       sim var
============================================================================
             Uniform      0.501589     0.0835536
         Exponential        1.0042       1.01358
              Normal    -0.0024791      0.997706
             Weibull       1.00252       1.01146
            Rayleigh       1.25436      0.430377
           I_Uniform       5.50324       2.92492
          AR1_Normal       1.98411      0.973958
      Complex_Normal   -0.00263507+0.00636764i      0.993736
                Sine   5.38697e-14      0.500005
              Square         2e-05       1.00001
            Triangle  -1.52056e-17      0.333337
            Sawtooth        0.0002      0.333337
             Impulse       0.00019   0.000189966
             Pattern             2       1.00001
