            Source              sim mean               sim var
============================================================================
           Uniform              0.501589              0.083554
       Exponential              1.004199              1.013575
            Normal             -0.002479              0.997706
           Weibull              1.002523              1.011465
          Rayleigh              1.254365              0.430377
         I_Uniform              5.503240              2.924919
        AR1_Normal              1.984106              0.973958
    Complex_Normal             -0.002635+0.006368i              0.993736
              Sine              0.000000              0.500005
            Square              0.000020              1.000010
          Triangle              0.000000              0.333337
          Sawtooth              0.000200              0.333337
           Impulse              0.000190              0.000190
           Pattern              2.000000              1.000010
