Space Time Code class test started
Checking V-BLAST
Checking improved V-BLAST
Checking Alamouti code
Checking switched Alamouti code
Checking double Alamouti code
Checking Jafarkhani code
Checking Golden code
Checking Damen code
Checking orthogonal code 3xN
Checking 36 LD code 3xN
Checking 37 LD code 3xN
Checking 39 LD code 3xN
Space Time Code class test finished
